2026-08-11 18:08:44,665 INFO Request received
2026-08-11 18:08:45,650 INFO Request completed response_time=0.985
2026-08-17 21:28:45,258 INFO Request received
2026-08-17 21:28:45,610 INFO Request completed response_time=0.353
2026-08-17 21:55:32,308 INFO Request received
2026-08-17 21:55:33,057 INFO Request completed response_time=0.749
2026-08-17 21:55:34,641 INFO Request received
2026-08-17 21:55:35,197 INFO Request completed response_time=0.556
2026-08-17 21:55:36,381 INFO Request received
2026-08-17 21:55:36,592 INFO Request completed response_time=0.211
2026-08-17 21:56:37,887 ERROR INCIDENT STARTED: Database failure simulation enabled
2026-08-17 21:57:12,033 INFO Request received
2026-08-17 21:57:12,034 ERROR Database connection timeout
2026-08-17 21:57:16,000 INFO Request received
2026-08-17 21:57:16,001 ERROR Database connection timeout
2026-08-17 21:57:19,844 INFO Request received
2026-08-17 21:57:19,845 ERROR Database connection timeout
2026-08-17 21:57:24,411 INFO Request received
2026-08-17 21:57:24,412 ERROR Database connection timeout
2026-08-17 21:58:34,109 INFO Request received
2026-08-17 21:58:34,111 ERROR Database connection timeout
2026-08-17 21:58:36,624 INFO Request received
2026-08-17 21:58:36,625 ERROR Database connection timeout
2026-08-17 21:58:40,866 INFO Request received
2026-08-17 21:58:40,867 ERROR Database connection timeout
2026-08-17 21:59:12,736 INFO INCIDENT RECOVERED: Database failure simulation disabled
2026-08-17 22:06:09,220 ERROR INCIDENT STARTED: Database failure simulation enabled
2026-08-17 22:06:46,182 ERROR INCIDENT STARTED: Database failure simulation enabled
2026-08-17 22:06:48,438 ERROR INCIDENT STARTED: Database failure simulation enabled
2026-08-17 22:06:49,620 ERROR INCIDENT STARTED: Database failure simulation enabled
2026-08-17 22:06:50,516 ERROR INCIDENT STARTED: Database failure simulation enabled
2026-08-17 22:06:51,990 ERROR INCIDENT STARTED: Database failure simulation enabled
2026-08-17 22:07:11,436 INFO Request received
2026-08-17 22:07:11,437 ERROR Database connection timeout
2026-08-17 22:07:13,398 INFO Request received
2026-08-17 22:07:13,400 ERROR Database connection timeout
2026-08-17 22:07:14,902 INFO Request received
2026-08-17 22:07:14,903 ERROR Database connection timeout
2026-08-17 22:07:17,083 INFO Request received
2026-08-17 22:07:17,084 ERROR Database connection timeout
2026-08-17 22:07:25,958 INFO Request received
2026-08-17 22:07:25,959 ERROR Database connection timeout
2026-08-17 22:07:30,622 INFO Request received
2026-08-17 22:07:30,623 ERROR Database connection timeout
2026-08-17 22:07:35,053 INFO Request received
2026-08-17 22:07:35,054 ERROR Database connection timeout
